// Jest Snapshot v1, https://goo.gl/fbAQLP

exports[`<App /> it should mount 1`] = `
<div
  class="App"
  data-testid="app-id"
/>
`;
